<?xml version='1.0' encoding='UTF-8'?>
<caom2:Observation xmlns:caom2="http://www.opencadc.org/caom2/xml/v2.4" xmlns:xsi="http://www.w3.org/2001/XMLSchema-instance" xsi:type="caom2:DerivedObservation" caom2:id="0356c8a7-97c5-47ff-8af5-dececa38e58d">
  <caom2:collection>ALMACA</caom2:collection>
  <caom2:observationID>A002_Xb945f7_X1551.CAL.J1924-2914</caom2:observationID>
  <caom2:metaRelease>2016-10-12T01:36:44.162</caom2:metaRelease>
  <caom2:algorithm>
    <caom2:name>single band split</caom2:name>
  </caom2:algorithm>
  <caom2:type>OBJECT</caom2:type>
  <caom2:intent>calibration</caom2:intent>
  <caom2:proposal>
    <caom2:id>2016.1.00010.S</caom2:id>
    <caom2:pi>Koda, Jin</caom2:pi>
    <caom2:project>uid://A001/X3ab/X10</caom2:project>
    <caom2:title>Resolving GMCs using CO Absorption Toward Compact QSOs Directly Behind the MW Disk</caom2:title>
    <caom2:keywords>
      <caom2:keyword>Medium</caom2:keyword>
      <caom2:keyword>clouds</caom2:keyword>
      <caom2:keyword>(ISM)/Molecular</caom2:keyword>
      <caom2:keyword>Inter-Stellar</caom2:keyword>
    </caom2:keywords>
  </caom2:proposal>
  <caom2:target>
    <caom2:name>J1924-2914</caom2:name>
    <caom2:type>object</caom2:type>
    <caom2:standard>false</caom2:standard>
    <caom2:moving>false</caom2:moving>
  </caom2:target>
  <caom2:targetPosition>
    <caom2:coordsys>ICRS</caom2:coordsys>
    <caom2:equinox>2000.0</caom2:equinox>
    <caom2:coordinates>
      <caom2:cval1>291.2127331541666</caom2:cval1>
      <caom2:cval2>-29.24170028611111</caom2:cval2>
    </caom2:coordinates>
  </caom2:targetPosition>
  <caom2:telescope>
    <caom2:name>ALMA-12m</caom2:name>
    <caom2:geoLocationX>2225142.18</caom2:geoLocationX>
    <caom2:geoLocationY>-5440307.37</caom2:geoLocationY>
    <caom2:geoLocationZ>-2481029.852</caom2:geoLocationZ>
  </caom2:telescope>
  <caom2:instrument>
    <caom2:name>Band 3</caom2:name>
  </caom2:instrument>
  <caom2:environment>
    <caom2:tau>1.2308822459893047</caom2:tau>
    <caom2:wavelengthTau>0.00035</caom2:wavelengthTau>
  </caom2:environment>
  <caom2:planes>
    <caom2:plane caom2:id="ca9fdcbf-57da-4734-9a5f-1feeaf0d2044">
      <caom2:productID>highres_spw2</caom2:productID>
      <caom2:metaRelease>2016-10-12T01:36:44.162</caom2:metaRelease>
      <caom2:dataRelease>2018-04-11T00:00:00.000</caom2:dataRelease>
      <caom2:dataProductType>visibility</caom2:dataProductType>
      <caom2:calibrationLevel>2</caom2:calibrationLevel>
      <caom2:provenance>
        <caom2:name>CASA</caom2:name>
        <caom2:version>5.4.0-70  
</caom2:version>
        <caom2:reference>https://casa.nrao.edu/</caom2:reference>
        <caom2:lastExecuted>2020-01-17T23:11:16.000</caom2:lastExecuted>
        <caom2:keywords>
          <caom2:keyword>MemberOUSID: uid://A001/X88b/X23</caom2:keyword>
          <caom2:keyword>ScienceGoalOUSID: uid://A001/X88b/X21</caom2:keyword>
          <caom2:keyword>ASDM ID: uid://A002/Xb945f7/X1551</caom2:keyword>
          <caom2:keyword>GroupOUSID: uid://A001/X88b/X22</caom2:keyword>
        </caom2:keywords>
        <caom2:inputs>
          <caom2:planeURI>caom:ALMA/A001_X88b_X23/A001_X88b_X23-raw</caom2:planeURI>
        </caom2:inputs>
      </caom2:provenance>
      <caom2:position>
        <caom2:bounds xsi:type="caom2:Circle">
          <caom2:center>
            <caom2:cval1>291.2127331541666</caom2:cval1>
            <caom2:cval2>-29.24170028611111</caom2:cval2>
          </caom2:center>
          <caom2:radius>0.007089295896790105</caom2:radius>
        </caom2:bounds>
        <caom2:resolution>0.4020517425038728</caom2:resolution>
        <caom2:timeDependent>false</caom2:timeDependent>
      </caom2:position>
      <caom2:energy>
        <caom2:bounds>
          <caom2:lower>0.0026006559447620593</caom2:lower>
          <caom2:upper>0.00260197816569117</caom2:upper>
          <caom2:samples>
            <caom2:sample>
              <caom2:lower>0.0026006559447620593</caom2:lower>
              <caom2:upper>0.00260197816569117</caom2:upper>
            </caom2:sample>
          </caom2:samples>
        </caom2:bounds>
        <caom2:dimension>1</caom2:dimension>
        <caom2:resolvingPower>3776394.683803348</caom2:resolvingPower>
        <caom2:sampleSize>3.4441803691307134e-10</caom2:sampleSize>
        <caom2:bandpassName>Band 3</caom2:bandpassName>
      </caom2:energy>
      <caom2:time>
        <caom2:bounds>
          <caom2:lower>57673.0353575</caom2:lower>
          <caom2:upper>57673.0671778</caom2:upper>
          <caom2:samples>
            <caom2:sample>
              <caom2:lower>57673.0353575</caom2:lower>
              <caom2:upper>57673.0671778</caom2:upper>
            </caom2:sample>
          </caom2:samples>
        </caom2:bounds>
        <caom2:dimension>1</caom2:dimension>
        <caom2:sampleSize>50.0</caom2:sampleSize>
        <caom2:exposure>296.860917073</caom2:exposure>
      </caom2:time>
      <caom2:artifacts>
        <caom2:artifact caom2:id="fce23d2d-bf9e-44ea-a858-6bfbdd760825">
          <caom2:uri>ad:ALMACA//data/uid___A002_Xb945f7_X1551.CAL.J1924-2914.highres_spw2.ms.split.cal.tar.gz</caom2:uri>
          <caom2:productType>calibration</caom2:productType>
          <caom2:releaseType>data</caom2:releaseType>
          <caom2:contentType>application/x-tar</caom2:contentType>
          <caom2:parts/>
        </caom2:artifact>
      </caom2:artifacts>
    </caom2:plane>
    <caom2:plane caom2:id="7cb7d305-9bf1-4453-810d-4b228b7dba9c">
      <caom2:productID>highres_spw3</caom2:productID>
      <caom2:metaRelease>2016-10-12T01:36:44.162</caom2:metaRelease>
      <caom2:dataRelease>2018-04-11T00:00:00.000</caom2:dataRelease>
      <caom2:dataProductType>visibility</caom2:dataProductType>
      <caom2:calibrationLevel>2</caom2:calibrationLevel>
      <caom2:provenance>
        <caom2:name>CASA</caom2:name>
        <caom2:version>5.4.0-70  
</caom2:version>
        <caom2:reference>https://casa.nrao.edu/</caom2:reference>
        <caom2:lastExecuted>2020-01-17T23:11:16.000</caom2:lastExecuted>
        <caom2:keywords>
          <caom2:keyword>MemberOUSID: uid://A001/X88b/X23</caom2:keyword>
          <caom2:keyword>ScienceGoalOUSID: uid://A001/X88b/X21</caom2:keyword>
          <caom2:keyword>ASDM ID: uid://A002/Xb945f7/X1551</caom2:keyword>
          <caom2:keyword>GroupOUSID: uid://A001/X88b/X22</caom2:keyword>
        </caom2:keywords>
        <caom2:inputs>
          <caom2:planeURI>caom:ALMA/A001_X88b_X23/A001_X88b_X23-raw</caom2:planeURI>
        </caom2:inputs>
      </caom2:provenance>
      <caom2:position>
        <caom2:bounds xsi:type="caom2:Circle">
          <caom2:center>
            <caom2:cval1>291.2127331541666</caom2:cval1>
            <caom2:cval2>-29.24170028611111</caom2:cval2>
          </caom2:center>
          <caom2:radius>0.007089295896790105</caom2:radius>
        </caom2:bounds>
        <caom2:resolution>0.4020517425038728</caom2:resolution>
        <caom2:timeDependent>false</caom2:timeDependent>
      </caom2:position>
      <caom2:energy>
        <caom2:bounds>
          <caom2:lower>0.0025999953380942274</caom2:lower>
          <caom2:upper>0.002602639780464858</caom2:upper>
          <caom2:samples>
            <caom2:sample>
              <caom2:lower>0.0025999953380942274</caom2:lower>
              <caom2:upper>0.002602639780464858</caom2:upper>
            </caom2:sample>
          </caom2:samples>
        </caom2:bounds>
        <caom2:dimension>1</caom2:dimension>
        <caom2:resolvingPower>1888197.341901674</caom2:resolvingPower>
        <caom2:sampleSize>6.888360738261427e-10</caom2:sampleSize>
        <caom2:bandpassName>Band 3</caom2:bandpassName>
      </caom2:energy>
      <caom2:time>
        <caom2:bounds>
          <caom2:lower>57673.0353575</caom2:lower>
          <caom2:upper>57673.0671778</caom2:upper>
          <caom2:samples>
            <caom2:sample>
              <caom2:lower>57673.0353575</caom2:lower>
              <caom2:upper>57673.0671778</caom2:upper>
            </caom2:sample>
          </caom2:samples>
        </caom2:bounds>
        <caom2:dimension>1</caom2:dimension>
        <caom2:sampleSize>50.0</caom2:sampleSize>
        <caom2:exposure>296.860917073</caom2:exposure>
      </caom2:time>
      <caom2:artifacts>
        <caom2:artifact caom2:id="49250cbe-d6fd-404e-8f25-a9ccc7a3e80f">
          <caom2:uri>ad:ALMACA//data/uid___A002_Xb945f7_X1551.CAL.J1924-2914.highres_spw3.ms.split.cal.tar.gz</caom2:uri>
          <caom2:productType>calibration</caom2:productType>
          <caom2:releaseType>data</caom2:releaseType>
          <caom2:contentType>application/x-tar</caom2:contentType>
          <caom2:parts/>
        </caom2:artifact>
      </caom2:artifacts>
    </caom2:plane>
    <caom2:plane caom2:id="ba8dcac5-c3dd-4a93-973e-d9aa8818fbbf">
      <caom2:productID>lowres_spw0</caom2:productID>
      <caom2:metaRelease>2016-10-12T01:36:44.162</caom2:metaRelease>
      <caom2:dataRelease>2018-04-11T00:00:00.000</caom2:dataRelease>
      <caom2:dataProductType>visibility</caom2:dataProductType>
      <caom2:calibrationLevel>2</caom2:calibrationLevel>
      <caom2:provenance>
        <caom2:name>CASA</caom2:name>
        <caom2:version>5.4.0-70  
</caom2:version>
        <caom2:reference>https://casa.nrao.edu/</caom2:reference>
        <caom2:lastExecuted>2020-01-17T23:11:16.000</caom2:lastExecuted>
        <caom2:keywords>
          <caom2:keyword>MemberOUSID: uid://A001/X88b/X23</caom2:keyword>
          <caom2:keyword>ScienceGoalOUSID: uid://A001/X88b/X21</caom2:keyword>
          <caom2:keyword>ASDM ID: uid://A002/Xb945f7/X1551</caom2:keyword>
          <caom2:keyword>GroupOUSID: uid://A001/X88b/X22</caom2:keyword>
        </caom2:keywords>
        <caom2:inputs>
          <caom2:planeURI>caom:ALMA/A001_X88b_X23/A001_X88b_X23-raw</caom2:planeURI>
        </caom2:inputs>
      </caom2:provenance>
      <caom2:position>
        <caom2:bounds xsi:type="caom2:Circle">
          <caom2:center>
            <caom2:cval1>291.2127331541666</caom2:cval1>
            <caom2:cval2>-29.24170028611111</caom2:cval2>
          </caom2:center>
          <caom2:radius>0.007089295896790105</caom2:radius>
        </caom2:bounds>
        <caom2:resolution>0.4020517425038728</caom2:resolution>
        <caom2:timeDependent>false</caom2:timeDependent>
      </caom2:position>
      <caom2:energy>
        <caom2:bounds>
          <caom2:lower>0.002585143069553096</caom2:lower>
          <caom2:upper>0.002630148813901297</caom2:upper>
          <caom2:samples>
            <caom2:sample>
              <caom2:lower>0.002585143069553096</caom2:lower>
              <caom2:upper>0.002630148813901297</caom2:upper>
            </caom2:sample>
          </caom2:samples>
        </caom2:bounds>
        <caom2:dimension>1</caom2:dimension>
        <caom2:resolvingPower>3679.2085032206523</caom2:resolvingPower>
        <caom2:sampleSize>3.5434954953715743e-07</caom2:sampleSize>
        <caom2:bandpassName>Band 3</caom2:bandpassName>
      </caom2:energy>
      <caom2:time>
        <caom2:bounds>
          <caom2:lower>57673.0353575</caom2:lower>
          <caom2:upper>57673.0671778</caom2:upper>
          <caom2:samples>
            <caom2:sample>
              <caom2:lower>57673.0353575</caom2:lower>
              <caom2:upper>57673.0671778</caom2:upper>
            </caom2:sample>
          </caom2:samples>
        </caom2:bounds>
        <caom2:dimension>1</caom2:dimension>
        <caom2:sampleSize>71.0</caom2:sampleSize>
        <caom2:exposure>259.753302439</caom2:exposure>
      </caom2:time>
      <caom2:artifacts>
        <caom2:artifact caom2:id="f44996eb-de5d-4e1f-a5ed-17d3c91694d1">
          <caom2:uri>ad:ALMACA//data/uid___A002_Xb945f7_X1551.CAL.J1924-2914.lowres_spw0.ms.split.cal.tar.gz</caom2:uri>
          <caom2:productType>calibration</caom2:productType>
          <caom2:releaseType>data</caom2:releaseType>
          <caom2:contentType>application/x-tar</caom2:contentType>
          <caom2:parts/>
        </caom2:artifact>
      </caom2:artifacts>
    </caom2:plane>
    <caom2:plane caom2:id="bb3284b9-1633-44cb-885c-9324707a2e55">
      <caom2:productID>lowres_spw1</caom2:productID>
      <caom2:metaRelease>2016-10-12T01:36:44.162</caom2:metaRelease>
      <caom2:dataRelease>2018-04-11T00:00:00.000</caom2:dataRelease>
      <caom2:dataProductType>visibility</caom2:dataProductType>
      <caom2:calibrationLevel>2</caom2:calibrationLevel>
      <caom2:provenance>
        <caom2:name>CASA</caom2:name>
        <caom2:version>5.4.0-70  
</caom2:version>
        <caom2:reference>https://casa.nrao.edu/</caom2:reference>
        <caom2:lastExecuted>2020-01-17T23:11:16.000</caom2:lastExecuted>
        <caom2:keywords>
          <caom2:keyword>MemberOUSID: uid://A001/X88b/X23</caom2:keyword>
          <caom2:keyword>ScienceGoalOUSID: uid://A001/X88b/X21</caom2:keyword>
          <caom2:keyword>ASDM ID: uid://A002/Xb945f7/X1551</caom2:keyword>
          <caom2:keyword>GroupOUSID: uid://A001/X88b/X22</caom2:keyword>
        </caom2:keywords>
        <caom2:inputs>
          <caom2:planeURI>caom:ALMA/A001_X88b_X23/A001_X88b_X23-raw</caom2:planeURI>
        </caom2:inputs>
      </caom2:provenance>
      <caom2:position>
        <caom2:bounds xsi:type="caom2:Circle">
          <caom2:center>
            <caom2:cval1>291.2127331541666</caom2:cval1>
            <caom2:cval2>-29.24170028611111</caom2:cval2>
          </caom2:center>
          <caom2:radius>0.007089295896790105</caom2:radius>
        </caom2:bounds>
        <caom2:resolution>0.4020517425038728</caom2:resolution>
        <caom2:timeDependent>false</caom2:timeDependent>
      </caom2:position>
      <caom2:energy>
        <caom2:bounds>
          <caom2:lower>0.0026258925523418375</caom2:lower>
          <caom2:upper>0.0026723410725081236</caom2:upper>
          <caom2:samples>
            <caom2:sample>
              <caom2:lower>0.0026258925523418375</caom2:lower>
              <caom2:upper>0.0026723410725081236</caom2:upper>
            </caom2:sample>
          </caom2:samples>
        </caom2:bounds>
        <caom2:dimension>1</caom2:dimension>
        <caom2:resolvingPower>3621.6206024812022</caom2:resolvingPower>
        <caom2:sampleSize>3.657082699824459e-07</caom2:sampleSize>
        <caom2:bandpassName>Band 3</caom2:bandpassName>
      </caom2:energy>
      <caom2:time>
        <caom2:bounds>
          <caom2:lower>57673.0353575</caom2:lower>
          <caom2:upper>57673.0671778</caom2:upper>
          <caom2:samples>
            <caom2:sample>
              <caom2:lower>57673.0353575</caom2:lower>
              <caom2:upper>57673.0671778</caom2:upper>
            </caom2:sample>
          </caom2:samples>
        </caom2:bounds>
        <caom2:dimension>1</caom2:dimension>
        <caom2:sampleSize>71.0</caom2:sampleSize>
        <caom2:exposure>259.753302439</caom2:exposure>
      </caom2:time>
      <caom2:artifacts>
        <caom2:artifact caom2:id="8406a458-2d5f-4bc8-8a31-d02d59906356">
          <caom2:uri>ad:ALMACA//data/uid___A002_Xb945f7_X1551.CAL.J1924-2914.lowres_spw1.ms.split.cal.tar.gz</caom2:uri>
          <caom2:productType>calibration</caom2:productType>
          <caom2:releaseType>data</caom2:releaseType>
          <caom2:contentType>application/x-tar</caom2:contentType>
          <caom2:parts/>
        </caom2:artifact>
      </caom2:artifacts>
    </caom2:plane>
  </caom2:planes>
  <caom2:members>
    <caom2:observationURI>caom:ALMA/A001_X88b_X23</caom2:observationURI>
  </caom2:members>
</caom2:Observation>
