<?xml version='1.0' encoding='UTF-8'?>
<caom2:Observation xmlns:caom2="http://www.opencadc.org/caom2/xml/v2.4" xmlns:xsi="http://www.w3.org/2001/XMLSchema-instance" xsi:type="caom2:DerivedObservation" caom2:id="aabf067b-afda-41a2-a00d-077bf7f7bbcc">
  <caom2:collection>ALMACA</caom2:collection>
  <caom2:observationID>A002_Xb8e115_X20e.CAL.J1924-2914</caom2:observationID>
  <caom2:metaRelease>2016-09-30T22:21:09.000</caom2:metaRelease>
  <caom2:algorithm>
    <caom2:name>band splitting</caom2:name>
  </caom2:algorithm>
  <caom2:type>OBJECT</caom2:type>
  <caom2:intent>calibration</caom2:intent>
  <caom2:proposal>
    <caom2:id>2016.1.00010.S</caom2:id>
    <caom2:pi>Koda, Jin</caom2:pi>
    <caom2:project>uid://A001/X3ab/X10</caom2:project>
    <caom2:title>Resolving GMCs using CO Absorption Toward Compact QSOs Directly Behind the MW Disk</caom2:title>
    <caom2:keywords>
      <caom2:keyword>(ISM)/Molecular</caom2:keyword>
      <caom2:keyword>Inter-Stellar</caom2:keyword>
      <caom2:keyword>Medium</caom2:keyword>
      <caom2:keyword>clouds</caom2:keyword>
    </caom2:keywords>
  </caom2:proposal>
  <caom2:target>
    <caom2:name>J1924-2914</caom2:name>
    <caom2:type>object</caom2:type>
    <caom2:standard>false</caom2:standard>
    <caom2:moving>false</caom2:moving>
  </caom2:target>
  <caom2:telescope>
    <caom2:name>ALMA-12m</caom2:name>
    <caom2:geoLocationX>2225142.18</caom2:geoLocationX>
    <caom2:geoLocationY>-5440307.37</caom2:geoLocationY>
    <caom2:geoLocationZ>-2481029.852</caom2:geoLocationZ>
  </caom2:telescope>
  <caom2:instrument>
    <caom2:name>Band 6</caom2:name>
  </caom2:instrument>
  <caom2:environment>
    <caom2:tau>1.3270409946524064</caom2:tau>
    <caom2:wavelengthTau>0.00035</caom2:wavelengthTau>
  </caom2:environment>
  <caom2:planes>
    <caom2:plane caom2:id="7b8ba5d2-a6a6-490a-8321-ed5884b7b518">
      <caom2:productID>cont</caom2:productID>
      <caom2:metaRelease>2016-09-30T22:21:09.000</caom2:metaRelease>
      <caom2:dataRelease>2017-12-21T00:00:00.000</caom2:dataRelease>
      <caom2:dataProductType>visibility</caom2:dataProductType>
      <caom2:calibrationLevel>2</caom2:calibrationLevel>
      <caom2:provenance>
        <caom2:name>CASA</caom2:name>
        <caom2:reference>https://casa.nrao.edu/</caom2:reference>
        <caom2:keywords>
          <caom2:keyword>GroupOUSID: uid://A001/X88b/X22</caom2:keyword>
          <caom2:keyword>ScienceGoalOUSID: uid://A001/X88b/X21</caom2:keyword>
          <caom2:keyword>MemberOUSID: uid://A001/X88b/X23</caom2:keyword>
        </caom2:keywords>
      </caom2:provenance>
      <caom2:position>
        <caom2:bounds xsi:type="caom2:Circle">
          <caom2:center>
            <caom2:cval1>291.2127331541666</caom2:cval1>
            <caom2:cval2>-29.24170028611111</caom2:cval2>
          </caom2:center>
          <caom2:radius>0.0035768484985114293</caom2:radius>
        </caom2:bounds>
        <caom2:resolution>0.13092279302964746</caom2:resolution>
        <caom2:timeDependent>false</caom2:timeDependent>
      </caom2:position>
      <caom2:energy>
        <caom2:bounds>
          <caom2:lower>0.0012881019631991101</caom2:lower>
          <caom2:upper>0.0012991789660331096</caom2:upper>
          <caom2:samples>
            <caom2:sample>
              <caom2:lower>0.0012881019631991101</caom2:lower>
              <caom2:upper>0.0012991789660331096</caom2:upper>
            </caom2:sample>
          </caom2:samples>
        </caom2:bounds>
        <caom2:dimension>1</caom2:dimension>
        <caom2:resolvingPower>7415.920238910344</caom2:resolvingPower>
        <caom2:sampleSize>8.721889602302796e-08</caom2:sampleSize>
        <caom2:bandpassName>Band 6</caom2:bandpassName>
        <caom2:emBand>Millimeter</caom2:emBand>
      </caom2:energy>
      <caom2:time>
        <caom2:bounds>
          <caom2:lower>57661.9278552</caom2:lower>
          <caom2:upper>57661.9530762</caom2:upper>
          <caom2:samples>
            <caom2:sample>
              <caom2:lower>57661.9278552</caom2:lower>
              <caom2:upper>57661.9530762</caom2:upper>
            </caom2:sample>
          </caom2:samples>
        </caom2:bounds>
        <caom2:dimension>1</caom2:dimension>
        <caom2:sampleSize>71.0</caom2:sampleSize>
        <caom2:exposure>218.41254878</caom2:exposure>
      </caom2:time>
      <caom2:artifacts>
        <caom2:artifact caom2:id="0ea38794-7ffb-484a-9ee4-127c6e9bd04a">
          <caom2:uri>ad:ALMACA/uid___A002_Xb8e115_X20e.CAL.J1924-2914.cont.ms.split.cal.tar.gz</caom2:uri>
          <caom2:productType>calibration</caom2:productType>
          <caom2:releaseType>data</caom2:releaseType>
          <caom2:contentType>application/tar+gzip</caom2:contentType>
          <caom2:parts/>
        </caom2:artifact>
      </caom2:artifacts>
    </caom2:plane>
    <caom2:plane caom2:id="a6fc9664-e5a8-429e-8504-99630d8bb0f8">
      <caom2:productID>line_spw2</caom2:productID>
      <caom2:metaRelease>2016-09-30T22:21:09.000</caom2:metaRelease>
      <caom2:dataRelease>2017-12-21T00:00:00.000</caom2:dataRelease>
      <caom2:dataProductType>visibility</caom2:dataProductType>
      <caom2:calibrationLevel>2</caom2:calibrationLevel>
      <caom2:provenance>
        <caom2:name>CASA</caom2:name>
        <caom2:reference>https://casa.nrao.edu/</caom2:reference>
        <caom2:keywords>
          <caom2:keyword>GroupOUSID: uid://A001/X88b/X22</caom2:keyword>
          <caom2:keyword>ScienceGoalOUSID: uid://A001/X88b/X21</caom2:keyword>
          <caom2:keyword>MemberOUSID: uid://A001/X88b/X23</caom2:keyword>
        </caom2:keywords>
      </caom2:provenance>
      <caom2:position>
        <caom2:bounds xsi:type="caom2:Circle">
          <caom2:center>
            <caom2:cval1>291.2127331541666</caom2:cval1>
            <caom2:cval2>-29.24170028611111</caom2:cval2>
          </caom2:center>
          <caom2:radius>0.0035768484985114293</caom2:radius>
        </caom2:bounds>
        <caom2:resolution>0.13092279302964746</caom2:resolution>
        <caom2:timeDependent>false</caom2:timeDependent>
      </caom2:position>
      <caom2:energy>
        <caom2:bounds>
          <caom2:lower>0.0012881019631991101</caom2:lower>
          <caom2:upper>0.0013660782027150572</caom2:upper>
          <caom2:samples>
            <caom2:sample>
              <caom2:lower>0.0012881019631991101</caom2:lower>
              <caom2:upper>0.0012991789660331096</caom2:upper>
            </caom2:sample>
            <caom2:sample>
              <caom2:lower>0.0013003518410458089</caom2:lower>
              <caom2:upper>0.0013010129757872863</caom2:upper>
            </caom2:sample>
            <caom2:sample>
              <caom2:lower>0.0013601568423090053</caom2:lower>
              <caom2:upper>0.0013608802054274425</caom2:upper>
            </caom2:sample>
            <caom2:sample>
              <caom2:lower>0.0013653493046296857</caom2:lower>
              <caom2:upper>0.0013660782027150572</caom2:upper>
            </caom2:sample>
          </caom2:samples>
        </caom2:bounds>
        <caom2:dimension>1</caom2:dimension>
        <caom2:resolvingPower>7235.112379034223</caom2:resolvingPower>
        <caom2:sampleSize>9.16326240029803e-08</caom2:sampleSize>
        <caom2:bandpassName>Band 6</caom2:bandpassName>
        <caom2:emBand>Millimeter</caom2:emBand>
      </caom2:energy>
      <caom2:time>
        <caom2:bounds>
          <caom2:lower>57661.9278552</caom2:lower>
          <caom2:upper>57661.9530762</caom2:upper>
          <caom2:samples>
            <caom2:sample>
              <caom2:lower>57661.9278552</caom2:lower>
              <caom2:upper>57661.9530762</caom2:upper>
            </caom2:sample>
          </caom2:samples>
        </caom2:bounds>
        <caom2:dimension>1</caom2:dimension>
        <caom2:sampleSize>71.0</caom2:sampleSize>
        <caom2:exposure>173.743601978</caom2:exposure>
      </caom2:time>
      <caom2:artifacts>
        <caom2:artifact caom2:id="565e8921-6ded-4ce9-a9ab-43eb7d1215cc">
          <caom2:uri>ad:ALMACA/uid___A002_Xb8e115_X20e.CAL.J1924-2914.line_spw2.ms.split.cal.tar.gz</caom2:uri>
          <caom2:productType>calibration</caom2:productType>
          <caom2:releaseType>data</caom2:releaseType>
          <caom2:contentType>application/tar+gzip</caom2:contentType>
          <caom2:parts/>
        </caom2:artifact>
      </caom2:artifacts>
    </caom2:plane>
    <caom2:plane caom2:id="561b5e66-e55a-4d28-9e9f-5958b75cd610">
      <caom2:productID>line_spw3</caom2:productID>
      <caom2:metaRelease>2016-09-30T22:21:09.000</caom2:metaRelease>
      <caom2:dataRelease>2017-12-21T00:00:00.000</caom2:dataRelease>
      <caom2:dataProductType>visibility</caom2:dataProductType>
      <caom2:calibrationLevel>2</caom2:calibrationLevel>
      <caom2:provenance>
        <caom2:name>CASA</caom2:name>
        <caom2:reference>https://casa.nrao.edu/</caom2:reference>
        <caom2:keywords>
          <caom2:keyword>GroupOUSID: uid://A001/X88b/X22</caom2:keyword>
          <caom2:keyword>ScienceGoalOUSID: uid://A001/X88b/X21</caom2:keyword>
          <caom2:keyword>MemberOUSID: uid://A001/X88b/X23</caom2:keyword>
        </caom2:keywords>
      </caom2:provenance>
      <caom2:position>
        <caom2:bounds xsi:type="caom2:Circle">
          <caom2:center>
            <caom2:cval1>291.2127331541666</caom2:cval1>
            <caom2:cval2>-29.24170028611111</caom2:cval2>
          </caom2:center>
          <caom2:radius>0.0035768484985114293</caom2:radius>
        </caom2:bounds>
        <caom2:resolution>0.13092279302964746</caom2:resolution>
        <caom2:timeDependent>false</caom2:timeDependent>
      </caom2:position>
      <caom2:energy>
        <caom2:bounds>
          <caom2:lower>0.0012881019631991101</caom2:lower>
          <caom2:upper>0.0013660782027150572</caom2:upper>
          <caom2:samples>
            <caom2:sample>
              <caom2:lower>0.0012881019631991101</caom2:lower>
              <caom2:upper>0.0012991789660331096</caom2:upper>
            </caom2:sample>
            <caom2:sample>
              <caom2:lower>0.0013003518410458089</caom2:lower>
              <caom2:upper>0.0013010129757872863</caom2:upper>
            </caom2:sample>
            <caom2:sample>
              <caom2:lower>0.0013601568423090053</caom2:lower>
              <caom2:upper>0.0013608802054274425</caom2:upper>
            </caom2:sample>
            <caom2:sample>
              <caom2:lower>0.0013653493046296857</caom2:lower>
              <caom2:upper>0.0013660782027150572</caom2:upper>
            </caom2:sample>
          </caom2:samples>
        </caom2:bounds>
        <caom2:dimension>1</caom2:dimension>
        <caom2:resolvingPower>7235.112379034223</caom2:resolvingPower>
        <caom2:sampleSize>9.16326240029803e-08</caom2:sampleSize>
        <caom2:bandpassName>Band 6</caom2:bandpassName>
        <caom2:emBand>Millimeter</caom2:emBand>
      </caom2:energy>
      <caom2:time>
        <caom2:bounds>
          <caom2:lower>57661.9278552</caom2:lower>
          <caom2:upper>57661.9530762</caom2:upper>
          <caom2:samples>
            <caom2:sample>
              <caom2:lower>57661.9278552</caom2:lower>
              <caom2:upper>57661.9530762</caom2:upper>
            </caom2:sample>
          </caom2:samples>
        </caom2:bounds>
        <caom2:dimension>1</caom2:dimension>
        <caom2:sampleSize>71.0</caom2:sampleSize>
        <caom2:exposure>173.743601978</caom2:exposure>
      </caom2:time>
      <caom2:artifacts>
        <caom2:artifact caom2:id="501e1f48-1afe-4946-be87-2c2d752fa4ed">
          <caom2:uri>ad:ALMACA/uid___A002_Xb8e115_X20e.CAL.J1924-2914.line_spw3.ms.split.cal.tar.gz</caom2:uri>
          <caom2:productType>calibration</caom2:productType>
          <caom2:releaseType>data</caom2:releaseType>
          <caom2:contentType>application/tar+gzip</caom2:contentType>
          <caom2:parts/>
        </caom2:artifact>
      </caom2:artifacts>
    </caom2:plane>
    <caom2:plane caom2:id="eb2c6f24-5f66-4b8a-b307-aedb50540d64">
      <caom2:productID>line_spw1</caom2:productID>
      <caom2:metaRelease>2016-09-30T22:21:09.000</caom2:metaRelease>
      <caom2:dataRelease>2017-12-21T00:00:00.000</caom2:dataRelease>
      <caom2:dataProductType>visibility</caom2:dataProductType>
      <caom2:calibrationLevel>2</caom2:calibrationLevel>
      <caom2:provenance>
        <caom2:name>CASA</caom2:name>
        <caom2:reference>https://casa.nrao.edu/</caom2:reference>
        <caom2:keywords>
          <caom2:keyword>GroupOUSID: uid://A001/X88b/X22</caom2:keyword>
          <caom2:keyword>ScienceGoalOUSID: uid://A001/X88b/X21</caom2:keyword>
          <caom2:keyword>MemberOUSID: uid://A001/X88b/X23</caom2:keyword>
        </caom2:keywords>
      </caom2:provenance>
      <caom2:position>
        <caom2:bounds xsi:type="caom2:Circle">
          <caom2:center>
            <caom2:cval1>291.2127331541666</caom2:cval1>
            <caom2:cval2>-29.24170028611111</caom2:cval2>
          </caom2:center>
          <caom2:radius>0.0035768484985114293</caom2:radius>
        </caom2:bounds>
        <caom2:resolution>0.13092279302964746</caom2:resolution>
        <caom2:timeDependent>false</caom2:timeDependent>
      </caom2:position>
      <caom2:energy>
        <caom2:bounds>
          <caom2:lower>0.0012881019631991101</caom2:lower>
          <caom2:upper>0.0013660782027150572</caom2:upper>
          <caom2:samples>
            <caom2:sample>
              <caom2:lower>0.0012881019631991101</caom2:lower>
              <caom2:upper>0.0012991789660331096</caom2:upper>
            </caom2:sample>
            <caom2:sample>
              <caom2:lower>0.0013003518410458089</caom2:lower>
              <caom2:upper>0.0013010129757872863</caom2:upper>
            </caom2:sample>
            <caom2:sample>
              <caom2:lower>0.0013601568423090053</caom2:lower>
              <caom2:upper>0.0013608802054274425</caom2:upper>
            </caom2:sample>
            <caom2:sample>
              <caom2:lower>0.0013653493046296857</caom2:lower>
              <caom2:upper>0.0013660782027150572</caom2:upper>
            </caom2:sample>
          </caom2:samples>
        </caom2:bounds>
        <caom2:dimension>1</caom2:dimension>
        <caom2:resolvingPower>7235.112379034223</caom2:resolvingPower>
        <caom2:sampleSize>9.16326240029803e-08</caom2:sampleSize>
        <caom2:bandpassName>Band 6</caom2:bandpassName>
        <caom2:emBand>Millimeter</caom2:emBand>
      </caom2:energy>
      <caom2:time>
        <caom2:bounds>
          <caom2:lower>57661.9278552</caom2:lower>
          <caom2:upper>57661.9530762</caom2:upper>
          <caom2:samples>
            <caom2:sample>
              <caom2:lower>57661.9278552</caom2:lower>
              <caom2:upper>57661.9530762</caom2:upper>
            </caom2:sample>
          </caom2:samples>
        </caom2:bounds>
        <caom2:dimension>1</caom2:dimension>
        <caom2:sampleSize>71.0</caom2:sampleSize>
        <caom2:exposure>173.743601978</caom2:exposure>
      </caom2:time>
      <caom2:artifacts>
        <caom2:artifact caom2:id="2b707c90-de55-41a9-be11-08626f400067">
          <caom2:uri>ad:ALMACA/uid___A002_Xb8e115_X20e.CAL.J1924-2914.line_spw1.ms.split.cal.tar.gz</caom2:uri>
          <caom2:productType>calibration</caom2:productType>
          <caom2:releaseType>data</caom2:releaseType>
          <caom2:contentType>application/tar+gzip</caom2:contentType>
          <caom2:parts/>
        </caom2:artifact>
      </caom2:artifacts>
    </caom2:plane>
  </caom2:planes>
  <caom2:members>
    <caom2:observationURI>caom:ALMA/A001_X88b_X23</caom2:observationURI>
  </caom2:members>
</caom2:Observation>
